// Jest Snapshot v1, https://goo.gl/fbAQLP

exports[`renders correctly 1`] = `
<View
  style={
    Array [
      Object {
        "flex": 1,
        "paddingTop": 20,
      },
      Object {
        "marginTop": 5,
        "padding": 10,
      },
    ]
  }
>
  <Image
    source={1}
    style={
      Object {
        "alignSelf": "center",
        "height": 212,
        "width": 166,
      }
    }
  />
  <Text
    style={
      Object {
        "fontSize": 28,
        "fontWeight": "bold",
        "marginLeft": "1%",
      }
    }
  >
    Login
  </Text>
  <Text
    style={
      Object {
        "color": "#747474",
        "marginBottom": 6,
        "marginLeft": "1%",
        "paddingVertical": 6,
      }
    }
  >
    Please enter your details
  </Text>
  <View
    style={
      Array [
        Object {
          "borderColor": "#989797",
          "borderRadius": 7,
          "borderStyle": "solid",
          "borderWidth": 1,
          "marginLeft": "1%",
          "marginVertical": 10,
          "paddingHorizontal": 12,
          "paddingVertical": 7,
          "width": "98%",
        },
        undefined,
      ]
    }
  >
    <TextInput
      keyboardType="email-address"
      onChangeText={[Function]}
      placeholder="Email"
      style={
        Object {
          "color": "black",
          "fontFamily": "Helvetica Neue",
          "fontSize": 18,
        }
      }
      value=""
    />
  </View>
  <View
    style={
      Array [
        Object {
          "borderColor": "#989797",
          "borderRadius": 7,
          "borderStyle": "solid",
          "borderWidth": 1,
          "marginLeft": "1%",
          "marginVertical": 10,
          "paddingHorizontal": 12,
          "paddingVertical": 7,
          "width": "98%",
        },
        undefined,
      ]
    }
  >
    <TextInput
      onChangeText={[Function]}
      placeholder="Password"
      secureTextEntry={true}
      style={
        Object {
          "color": "black",
          "fontFamily": "Helvetica Neue",
          "fontSize": 18,
        }
      }
      value=""
    />
  </View>
  <View
    style={
      Object {
        "alignItems": "flex-end",
        "width": "98%",
      }
    }
  >
    <View
      accessible={true}
      focusable={true}
      onClick={[Function]}
      onResponderGrant={[Function]}
      onResponderMove={[Function]}
      onResponderRelease={[Function]}
      onResponderTerminate={[Function]}
      onResponderTerminationRequest={[Function]}
      onStartShouldSetResponder={[Function]}
    >
      <Text
        style={
          Object {
            "color": "#00c0a4",
            "fontSize": 16,
            "fontWeight": "400",
          }
        }
      >
        Forgot Password?
      </Text>
    </View>
  </View>
  <View
    accessibilityState={
      Object {
        "disabled": false,
      }
    }
    accessible={true}
    collapsable={false}
    focusable={true}
    onClick={[Function]}
    onResponderGrant={[Function]}
    onResponderMove={[Function]}
    onResponderRelease={[Function]}
    onResponderTerminate={[Function]}
    onResponderTerminationRequest={[Function]}
    onStartShouldSetResponder={[Function]}
    style={
      Object {
        "alignItems": "center",
        "backgroundColor": "#00c0a4",
        "borderRadius": 7,
        "elevation": 4,
        "justifyContent": "center",
        "marginLeft": "1%",
        "marginVertical": 40,
        "opacity": 1,
        "padding": 12,
        "shadowColor": "black",
        "shadowOffset": Object {
          "height": 1,
          "width": 1,
        },
        "shadowOpacity": 0.2,
        "shadowRadius": 3,
        "width": "98%",
      }
    }
  >
    <Text
      style={
        Object {
          "color": "#FFF",
          "fontFamily": "Helvetica Neue",
          "fontSize": 18,
          "fontWeight": "bold",
        }
      }
    >
      Login
    </Text>
  </View>
  <View
    style={
      Object {
        "flexDirection": "row",
        "justifyContent": "center",
      }
    }
  >
    <Text
      style={
        Object {
          "color": "#484545",
          "fontSize": 16,
        }
      }
    >
      Don't have an account? 
    </Text>
    <View
      accessible={true}
      focusable={true}
      onClick={[Function]}
      onResponderGrant={[Function]}
      onResponderMove={[Function]}
      onResponderRelease={[Function]}
      onResponderTerminate={[Function]}
      onResponderTerminationRequest={[Function]}
      onStartShouldSetResponder={[Function]}
    >
      <Text
        style={
          Object {
            "color": "#00c0a4",
            "fontSize": 16,
            "fontWeight": "400",
          }
        }
      >
        Sign up
      </Text>
    </View>
  </View>
  <View
    style={
      Object {
        "alignItems": "center",
        "flexDirection": "row",
        "paddingVertical": 15,
      }
    }
  >
    <View
      style={
        Object {
          "backgroundColor": "lightgrey",
          "flex": 1,
          "height": 1,
        }
      }
    />
    <View>
      <Text
        style={
          Object {
            "color": "darkgray",
            "fontSize": 14,
            "textAlign": "center",
            "width": 105,
          }
        }
      >
        Or login with
      </Text>
    </View>
    <View
      style={
        Object {
          "backgroundColor": "lightgrey",
          "flex": 1,
          "height": 1,
        }
      }
    />
  </View>
  <View
    style={
      Object {
        "alignSelf": "center",
        "flexDirection": "row",
      }
    }
  >
    <Text />
    <Text />
    <Text />
  </View>
</View>
`;
