// Jest Snapshot v1, https://goo.gl/fbAQLP

exports[`renders correctly 1`] = `
<View
  accessibilityIgnoresInvertColors={true}
  style={
    Array [
      Object {
        "flex": 1,
        "paddingTop": 20,
      },
      Object {
        "paddingHorizontal": "10%",
      },
    ]
  }
>
  <Image
    resizeMode="cover"
    source={
      Object {
        "uri": "https://cdn.dribbble.com/users/479289/screenshots/4521207/media/c3e3bd246bbff91101a54e69daa8b1f0.gif",
      }
    }
    style={
      Array [
        Object {
          "bottom": 0,
          "left": 0,
          "position": "absolute",
          "right": 0,
          "top": 0,
        },
        Object {
          "height": undefined,
          "width": undefined,
        },
        undefined,
      ]
    }
  />
  <Image
    source={1}
    style={
      Object {
        "alignSelf": "center",
        "height": 212,
        "marginTop": 18,
        "width": 166,
      }
    }
  />
  <Text
    style={
      Array [
        Object {
          "fontFamily": "Helvetica Neue",
          "marginLeft": "1%",
        },
        Object {
          "fontSize": 38,
          "marginBottom": 5,
          "marginTop": 20,
        },
        Object {
          "fontSize": 28,
          "fontWeight": "bold",
        },
      ]
    }
  >
    Login
  </Text>
  <View
    style={
      Array [
        Object {
          "backgroundColor": "white",
          "borderColor": "#989797",
          "borderRadius": 12,
          "borderWidth": 1,
          "marginLeft": "1%",
          "marginVertical": 10,
          "opacity": 0.9,
          "paddingHorizontal": 12,
          "paddingVertical": 7,
          "width": "98%",
        },
        Object {
          "elevation": 4,
          "shadowColor": "black",
          "shadowOffset": Object {
            "height": 1,
            "width": 1,
          },
          "shadowOpacity": 0.2,
          "shadowRadius": 2,
        },
      ]
    }
  >
    <TextInput
      keyboardType="email-address"
      onChangeText={[Function]}
      placeholder="Email"
      placeholderTextColor="grey"
      style={
        Object {
          "color": "black",
          "fontFamily": "Helvetica Neue",
          "fontSize": 18,
          "opacity": 1,
        }
      }
      value=""
    />
  </View>
  <View
    style={
      Array [
        Object {
          "backgroundColor": "white",
          "borderColor": "#989797",
          "borderRadius": 12,
          "borderWidth": 1,
          "marginLeft": "1%",
          "marginVertical": 10,
          "opacity": 0.9,
          "paddingHorizontal": 12,
          "paddingVertical": 7,
          "width": "98%",
        },
        Object {
          "elevation": 4,
          "shadowColor": "black",
          "shadowOffset": Object {
            "height": 1,
            "width": 1,
          },
          "shadowOpacity": 0.2,
          "shadowRadius": 2,
        },
      ]
    }
  >
    <TextInput
      onChangeText={[Function]}
      placeholder="Password"
      placeholderTextColor="grey"
      secureTextEntry={true}
      style={
        Object {
          "color": "black",
          "fontFamily": "Helvetica Neue",
          "fontSize": 18,
          "opacity": 1,
        }
      }
      value=""
    />
  </View>
  <View
    style={
      Object {
        "alignItems": "flex-end",
        "width": "98%",
      }
    }
  >
    <View
      accessible={true}
      focusable={true}
      onClick={[Function]}
      onResponderGrant={[Function]}
      onResponderMove={[Function]}
      onResponderRelease={[Function]}
      onResponderTerminate={[Function]}
      onResponderTerminationRequest={[Function]}
      onStartShouldSetResponder={[Function]}
    >
      <Text
        style={
          Object {
            "color": "#00c0a4",
            "fontSize": 16,
            "fontWeight": "400",
          }
        }
      >
        Forgot Password?
      </Text>
    </View>
  </View>
  <View
    accessibilityState={
      Object {
        "disabled": false,
      }
    }
    accessible={true}
    collapsable={false}
    focusable={true}
    onClick={[Function]}
    onResponderGrant={[Function]}
    onResponderMove={[Function]}
    onResponderRelease={[Function]}
    onResponderTerminate={[Function]}
    onResponderTerminationRequest={[Function]}
    onStartShouldSetResponder={[Function]}
    style={
      Object {
        "alignItems": "center",
        "alignSelf": "center",
        "backgroundColor": "#00c0a4",
        "borderRadius": 20,
        "elevation": 4,
        "marginLeft": "1%",
        "marginVertical": 40,
        "opacity": 1,
        "padding": 12,
        "shadowColor": "black",
        "shadowOffset": Object {
          "height": 1,
          "width": 1,
        },
        "shadowOpacity": 0.2,
        "shadowRadius": 3,
        "width": "90%",
      }
    }
  >
    <Text
      style={
        Array [
          Object {
            "color": "#FFFFFF",
            "fontFamily": "Helvetica Neue",
            "fontSize": 18,
            "fontWeight": "bold",
            "textAlign": "center",
            "textAlignVertical": "center",
          },
          undefined,
        ]
      }
    >
      Login
    </Text>
  </View>
  <View
    style={
      Object {
        "flexDirection": "row",
        "justifyContent": "center",
      }
    }
  >
    <Text
      style={
        Object {
          "color": "#484545",
          "fontSize": 16,
        }
      }
    >
      Don't have an account? 
    </Text>
    <View
      accessible={true}
      focusable={true}
      onClick={[Function]}
      onResponderGrant={[Function]}
      onResponderMove={[Function]}
      onResponderRelease={[Function]}
      onResponderTerminate={[Function]}
      onResponderTerminationRequest={[Function]}
      onStartShouldSetResponder={[Function]}
    >
      <Text
        style={
          Object {
            "color": "#00c0a4",
            "fontSize": 16,
            "fontWeight": "400",
          }
        }
      >
        Sign up
      </Text>
    </View>
  </View>
  <View
    style={
      Object {
        "alignItems": "center",
        "flexDirection": "row",
        "paddingVertical": 15,
      }
    }
  >
    <View
      style={
        Object {
          "backgroundColor": "lightgrey",
          "flex": 1,
          "height": 1,
        }
      }
    />
    <View>
      <Text
        style={
          Object {
            "color": "darkgray",
            "fontSize": 14,
            "textAlign": "center",
            "width": 105,
          }
        }
      >
        Or login with
      </Text>
    </View>
    <View
      style={
        Object {
          "backgroundColor": "lightgrey",
          "flex": 1,
          "height": 1,
        }
      }
    />
  </View>
  <View
    style={
      Object {
        "alignSelf": "center",
        "flexDirection": "row",
      }
    }
  >
    <Text />
    <Text />
    <Text />
  </View>
</View>
`;
