// Jest Snapshot v1, https://goo.gl/fbAQLP

exports[`renders correctly 1`] = `
<View
  accessibilityIgnoresInvertColors={true}
  style={
    Array [
      Object {
        "flex": 1,
        "paddingTop": 20,
      },
      Object {
        "marginTop": 80,
        "padding": 10,
      },
    ]
  }
>
  <Image
    source={
      Object {
        "uri": undefined,
      }
    }
    style={
      Array [
        Object {
          "bottom": 0,
          "left": 0,
          "position": "absolute",
          "right": 0,
          "top": 0,
        },
        Object {
          "height": undefined,
          "width": undefined,
        },
        undefined,
      ]
    }
  />
  <Text
    style={
      Array [
        Object {
          "fontFamily": "Helvetica Neue",
          "marginLeft": "1%",
        },
        undefined,
        Object {
          "fontSize": 28,
          "fontWeight": "bold",
        },
      ]
    }
  >
    Forgot Password?
  </Text>
  <Text
    style={
      Array [
        Object {
          "fontFamily": "Helvetica Neue",
          "marginLeft": "1%",
        },
        undefined,
        Object {
          "color": "#747474",
          "fontSize": 20,
          "marginBottom": 6,
          "marginLeft": "1%",
          "paddingVertical": 6,
        },
      ]
    }
  >
    Enter your email to receive a verification link
  </Text>
  <View
    style={
      Array [
        Object {
          "backgroundColor": "white",
          "borderColor": "#989797",
          "borderRadius": 12,
          "borderWidth": 1,
          "marginLeft": "1%",
          "marginVertical": 10,
          "opacity": 0.9,
          "paddingHorizontal": 12,
          "paddingVertical": 7,
          "width": "98%",
        },
        undefined,
      ]
    }
  >
    <TextInput
      keyboardType="email-address"
      onChangeText={[Function]}
      placeholder="Email"
      placeholderTextColor="grey"
      style={
        Object {
          "color": "black",
          "fontFamily": "Helvetica Neue",
          "fontSize": 18,
          "opacity": 1,
        }
      }
      value=""
    />
  </View>
  <View
    accessibilityState={
      Object {
        "disabled": false,
      }
    }
    accessible={true}
    collapsable={false}
    focusable={true}
    onClick={[Function]}
    onResponderGrant={[Function]}
    onResponderMove={[Function]}
    onResponderRelease={[Function]}
    onResponderTerminate={[Function]}
    onResponderTerminationRequest={[Function]}
    onStartShouldSetResponder={[Function]}
    style={
      Object {
        "alignItems": "center",
        "alignSelf": "center",
        "backgroundColor": "#00c0a4",
        "borderRadius": 20,
        "elevation": 4,
        "marginLeft": "1%",
        "marginVertical": 40,
        "opacity": 1,
        "padding": 12,
        "shadowColor": "black",
        "shadowOffset": Object {
          "height": 1,
          "width": 1,
        },
        "shadowOpacity": 0.2,
        "shadowRadius": 3,
        "width": "90%",
      }
    }
  >
    <Text
      style={
        Array [
          Object {
            "color": "#FFFFFF",
            "fontFamily": "Helvetica Neue",
            "fontSize": 18,
            "fontWeight": "bold",
            "textAlign": "center",
            "textAlignVertical": "center",
          },
          undefined,
        ]
      }
    >
      Submit
    </Text>
  </View>
  <View
    style={
      Object {
        "paddingLeft": 110,
        "width": "98%",
      }
    }
  >
    <View
      accessible={true}
      focusable={true}
      onClick={[Function]}
      onResponderGrant={[Function]}
      onResponderMove={[Function]}
      onResponderRelease={[Function]}
      onResponderTerminate={[Function]}
      onResponderTerminationRequest={[Function]}
      onStartShouldSetResponder={[Function]}
      style={
        Object {
          "marginLeft": "14.1%",
        }
      }
    >
      <Text
        style={
          Object {
            "color": "#00c0a4",
            "fontSize": 16,
            "fontWeight": "400",
          }
        }
      >
        Back to Login
      </Text>
    </View>
  </View>
  <Image
    source={1}
    style={
      Array [
        Object {
          "flex": 1,
        },
        Object {
          "bottom": 0,
          "height": "100%",
          "position": "absolute",
          "width": "100%",
        },
        Object {
          "bottom": 0,
          "height": 172.91414752116083,
          "position": "absolute",
          "resizeMode": "stretch",
          "width": 750,
        },
      ]
    }
  />
</View>
`;
